error: unknown ink! attribute (path)
  --> tests/ui/contract/fail/message-unknown-property.rs:15:15
   |
15 |         #[ink(unknown_marker)]
   |               ^^^^^^^^^^^^^^
