error: unknown ink! attribute (path)
 --> tests/ui/contract/fail/storage-unknown-marker.rs:6:11
  |
6 |     #[ink(unknown_or_unsupported)]
  |           ^^^^^^^^^^^^^^^^^^^^^^
