error: missing #[ink(message)] or #[ink(constructor)] flags on ink! trait method
 --> tests/ui/trait_def/fail/definition_rust_method.rs:5:5
  |
5 |     fn rust_method(&self);
  |     ^^^^^^^^^^^^^^^^^^^^^^
