error: ink! trait definitions with supertraits are not supported, yet
 --> tests/ui/trait_def/fail/definition_super_trait_invalid_1.rs:6:28
  |
6 | pub trait TraitDefinition: SuperTraitDefinition {
  |                            ^^^^^^^^^^^^^^^^^^^^
