error: generic ink! trait methods are not supported
 --> tests/ui/trait_def/fail/message_generic_invalid.rs:6:20
  |
6 |     fn message_ref<T>(&self);
  |                    ^
